C41B621059F92836EC291787E534D8D4
989F1BC4DDAEA7B39CEF0A8D405DDD51
