898B865ACAD2B61D3DD1965A94B68C77
898B865ACAD2B61D3DD1965A94B68C77
