FB00E283C6995B96668F4876CE199F28
1E533DFF0CEFF29D994D083FF960FAA2
FB00E283C6995B96668F4876CE199F28
