6D5598EF597094624574D0554CCFD38C
EAFB6283D339C25DFE1FFD0CDABDB125
6D5598EF597094624574D0554CCFD38C
