Http_protocol: Http_client.Timeout("direct connection to localhost:X")
