Http_protocol: Bad_message: Protocol error
22F1A22D055CDBCC183A9FC3FCCA7732
