Http_protocol: Unix.Unix_error(ECONNREFUSED, "connect_check", "")
